Running: ./testmodel.py --libraries=/home/runner/.openmodelica/libraries --ompython_omhome= MyLibrary_tags-v0.2_MyLibrary.Mechanics.MultiBody.Examples.Pendulum.conf.json
loadFile("/home/runner/.openmodelica/libraries/ModelicaServices 4.0.0+maint.om/package.mo", uses=false) [Timeout 180]
"Notification: Performance of loadFile(/home/runner/.openmodelica/libraries/ModelicaServices 4.0.0+maint.om/package.mo): time 0.001068/0.001068, allocations: 96.67 kB / 18.92 MB, free: 1.293 MB / 13.93 MB
"
[Timeout remaining time 180]
loadFile("/home/runner/.openmodelica/libraries/Complex 4.0.0+maint.om/package.mo", uses=false) [Timeout 180]
"Notification: Performance of loadFile(/home/runner/.openmodelica/libraries/Complex 4.0.0+maint.om/package.mo): time 0.001061/0.001061, allocations: 180.3 kB / 22.2 MB, free: 3.758 MB / 13.93 MB
"
[Timeout remaining time 180]
loadFile("/home/runner/.openmodelica/libraries/Modelica 4.0.0+maint.om/package.mo", uses=false) [Timeout 180]
"Notification: Performance of loadFile(/home/runner/.openmodelica/libraries/Modelica 4.0.0+maint.om/package.mo): time 1.617/1.617, allocations: 224.9 MB / 250.2 MB, free: 15.05 MB / 202.7 MB
"
[Timeout remaining time 178]
loadFile("/home/runner/work/openmodelica-library-testing-action/openmodelica-library-testing-action/examples/MyLibrary/package.mo", uses=false) [Timeout 180]
"Notification: Performance of loadFile(/home/runner/work/openmodelica-library-testing-action/openmodelica-library-testing-action/examples/MyLibrary/package.mo): time 0.0002522/0.0002522, allocations: 17.03 kB / 305.5 MB, free: 8 MB / 234.7 MB
"
[Timeout remaining time 180]
Using package MyLibrary with version 1.0.0 (/home/runner/work/openmodelica-library-testing-action/openmodelica-library-testing-action/examples/MyLibrary/package.mo)
Using package Modelica with version 4.0.0 (/home/runner/.openmodelica/libraries/Modelica 4.0.0+maint.om/package.mo)
Using package Complex with version 4.0.0 (/home/runner/.openmodelica/libraries/Complex 4.0.0+maint.om/package.mo)
Using package ModelicaServices with version 4.0.0 (/home/runner/.openmodelica/libraries/ModelicaServices 4.0.0+maint.om/package.mo)
Running command: translateModel(MyLibrary.Mechanics.MultiBody.Examples.Pendulum,tolerance=1e-06,outputFormat="mat",numberOfIntervals=5002,variableFilter="time|rev.phi|rev.w",fileNamePrefix="MyLibrary_tags-v0.2_MyLibrary.Mechanics.MultiBody.Examples.Pendulum")
translateModel(MyLibrary.Mechanics.MultiBody.Examples.Pendulum,tolerance=1e-06,outputFormat="mat",numberOfIntervals=5002,variableFilter="time|rev.phi|rev.w",fileNamePrefix="MyLibrary_tags-v0.2_MyLibrary.Mechanics.MultiBody.Examples.Pendulum") [Timeout 660]
"Notification: Performance of FrontEnd - loaded program: time 0.0003975/0.0003975, allocations: 11.48 kB / 425.5 MB, free: 49.78 MB / 330.7 MB
Notification: Performance of FrontEnd - Absyn->SCode: time 0.07208/0.07247, allocations: 52.17 MB / 477.6 MB, free: 5.266 MB / 330.7 MB
Notification: Performance of NFInst.instantiate(MyLibrary.Mechanics.MultiBody.Examples.Pendulum): time 0.008678/0.08115, allocations: 7.202 MB / 484.8 MB, free: 14.02 MB / 346.7 MB
Notification: Performance of NFInst.instExpressions: time 0.007876/0.08903, allocations: 3.189 MB / 488 MB, free: 10.82 MB / 346.7 MB
Notification: Performance of NFInst.updateImplicitVariability: time 0.0006366/0.08966, allocations: 35.88 kB / 488.1 MB, free: 10.79 MB / 346.7 MB
Notification: Performance of NFTyping.typeComponents: time 0.002388/0.09205, allocations: 0.8092 MB / 488.9 MB, free: 9.977 MB / 346.7 MB
Notification: Performance of NFTyping.typeBindings: time 0.003768/0.09582, allocations: 1.347 MB / 490.2 MB, free: 8.625 MB / 346.7 MB
Notification: Performance of NFTyping.typeClassSections: time 0.001309/0.09713, allocations: 495 kB / 490.7 MB, free: 8.141 MB / 346.7 MB
Notification: Performance of NFFlatten.flatten: time 0.003614/0.1007, allocations: 2.531 MB / 493.2 MB, free: 5.605 MB / 346.7 MB
Notification: Performance of NFFlatten.resolveConnections: time 0.001176/0.1019, allocations: 1.106 MB / 494.3 MB, free: 4.48 MB / 346.7 MB
Notification: Performance of NFEvalConstants.evaluate: time 0.0005887/0.1025, allocations: 0.7744 MB / 495.1 MB, free: 3.703 MB / 346.7 MB
Notification: Performance of NFSimplifyModel.simplify: time 0.001436/0.1039, allocations: 1.207 MB / 496.3 MB, free: 2.492 MB / 346.7 MB
Notification: Performance of NFPackage.collectConstants: time 0.0002549/0.1042, allocations: 136 kB / 496.5 MB, free: 2.359 MB / 346.7 MB
Notification: Performance of NFFlatten.collectFunctions: time 0.001346/0.1055, allocations: 0.9164 MB / 497.4 MB, free: 1.441 MB / 346.7 MB
Notification: Performance of NFScalarize.scalarize: time 0.0007611/0.1063, allocations: 1.02 MB / 498.4 MB, free: 428 kB / 346.7 MB
Notification: Performance of NFVerifyModel.verify: time 0.001476/0.1078, allocations: 1.196 MB / 499.6 MB, free: 15.21 MB / 362.7 MB
Notification: Performance of NFConvertDAE.convert: time 0.003303/0.1111, allocations: 3.983 MB / 0.4918 GB, free: 11.21 MB / 362.7 MB
Notification: Performance of FrontEnd - DAE generated: time 3.797e-06/0.1111, allocations: 0 / 0.4918 GB, free: 11.21 MB / 362.7 MB
Notification: Performance of FrontEnd: time 1.463e-06/0.1111, allocations: 4 kB / 0.4918 GB, free: 11.21 MB / 362.7 MB
Notification: Performance of Transformations before backend: time 2.689e-05/0.1111, allocations: 3.984 kB / 0.4918 GB, free: 11.21 MB / 362.7 MB
Notification: Model statistics after passing the front-end and creating the data structures used by the back-end:
 * Number of equations: 934
 * Number of variables: 934
Notification: Performance of Generate backend data structure: time 0.004474/0.1156, allocations: 2.88 MB / 0.4946 GB, free: 8.281 MB / 362.7 MB
Notification: Performance of prepare preOptimizeDAE: time 3.567e-05/0.1156, allocations: 8.031 kB / 0.4946 GB, free: 8.273 MB / 362.7 MB
Notification: Performance of preOpt normalInlineFunction (simulation): time 0.006615/0.1222, allocations: 1.656 MB / 0.4962 GB, free: 6.613 MB / 362.7 MB
Notification: Performance of preOpt evaluateParameters (simulation): time 0.002493/0.1247, allocations: 1.274 MB / 0.4975 GB, free: 5.312 MB / 362.7 MB
Notification: Performance of preOpt simplifyIfEquations (simulation): time 6.961e-05/0.1248, allocations: 122.9 kB / 0.4976 GB, free: 5.191 MB / 362.7 MB
Notification: Performance of preOpt expandDerOperator (simulation): time 0.0003236/0.1251, allocations: 147.9 kB / 0.4977 GB, free: 5.047 MB / 362.7 MB
Notification: Performance of preOpt clockPartitioning (simulation): time 0.008838/0.134, allocations: 6.367 MB / 0.5039 GB, free: 14.15 MB / 378.7 MB
Notification: Performance of preOpt findStateOrder (simulation): time 6.705e-05/0.134, allocations: 31.7 kB / 0.504 GB, free: 14.12 MB / 378.7 MB
Notification: Performance of preOpt replaceEdgeChange (simulation): time 0.0002644/0.1343, allocations: 79.89 kB / 0.504 GB, free: 14.04 MB / 378.7 MB
Notification: Performance of preOpt inlineArrayEqn (simulation): time 0.002595/0.1369, allocations: 1.437 MB / 0.5054 GB, free: 12.6 MB / 378.7 MB
Notification: Performance of preOpt removeEqualRHS (simulation): time 0.009268/0.1462, allocations: 5.677 MB / 0.511 GB, free: 6.922 MB / 378.7 MB
Notification: Performance of preOpt removeSimpleEquations (simulation): time 0.02865/0.1748, allocations: 26.15 MB / 0.5365 GB, free: 11.94 MB / 410.7 MB
Notification: Performance of preOpt comSubExp (simulation): time 0.004309/0.1791, allocations: 1.731 MB / 0.5382 GB, free: 10.18 MB / 410.7 MB
Notification: Performance of preOpt resolveLoops (simulation): time 0.001316/0.1804, allocations: 0.9367 MB / 0.5391 GB, free: 9.227 MB / 410.7 MB
Notification: Performance of preOpt evalFunc (simulation): time 5.348e-05/0.1805, allocations: 19.92 kB / 0.5391 GB, free: 9.207 MB / 410.7 MB
Notification: Performance of preOpt encapsulateWhenConditions (simulation): time 1.944e-05/0.1805, allocations: 42.5 kB / 0.5392 GB, free: 9.156 MB / 410.7 MB
Notification: Performance of pre-optimization done (n=98): time 3.226e-06/0.1805, allocations: 0 / 0.5392 GB, free: 9.156 MB / 410.7 MB
Notification: Performance of matching and sorting (n=106): time 0.02259/0.2031, allocations: 8.497 MB / 0.5475 GB, free: 0.582 MB / 410.7 MB
Notification: Performance of inlineWhenForInitialization (initialization): time 5.17e-05/0.2032, allocations: 140.5 kB / 0.5476 GB, free: 424 kB / 410.7 MB
Notification: Performance of selectInitializationVariablesDAE (initialization): time 0.003852/0.207, allocations: 2.828 MB / 0.5504 GB, free: 13.57 MB / 426.7 MB
Notification: Performance of collectPreVariables (initialization): time 7.012e-05/0.2071, allocations: 41.64 kB / 0.5504 GB, free: 13.52 MB / 426.7 MB
Notification: Performance of collectInitialEqns (initialization): time 0.0011/0.2082, allocations: 2.155 MB / 0.5525 GB, free: 11.35 MB / 426.7 MB
Notification: Performance of collectInitialBindings (initialization): time 0.0004244/0.2086, allocations: 460.6 kB / 0.553 GB, free: 10.89 MB / 426.7 MB
Notification: Performance of simplifyInitialFunctions (initialization): time 0.0009375/0.2095, allocations: 0.8894 MB / 0.5538 GB, free: 9.992 MB / 426.7 MB
Notification: Performance of setup shared object (initialization): time 4.08e-05/0.2096, allocations: 309.1 kB / 0.5541 GB, free: 9.688 MB / 426.7 MB
Notification: Performance of preBalanceInitialSystem (initialization): time 0.002124/0.2117, allocations: 1.414 MB / 0.5555 GB, free: 8.266 MB / 426.7 MB
Notification: Performance of partitionIndependentBlocks (initialization): time 0.003466/0.2152, allocations: 4.246 MB / 0.5597 GB, free: 2.59 MB / 426.7 MB
Notification: Performance of analyzeInitialSystem (initialization): time 0.2166/0.4318, allocations: 6.132 MB / 0.5656 GB, free: 82.02 MB / 426.7 MB
Notification: Performance of solveInitialSystemEqSystem (initialization): time 4.969e-05/0.4318, allocations: 29.28 kB / 0.5657 GB, free: 82.02 MB / 426.7 MB
Notification: Performance of matching and sorting (n=573) (initialization): time 0.01155/0.4434, allocations: 6.101 MB / 0.5716 GB, free: 80.07 MB / 426.7 MB
Notification: Performance of prepare postOptimizeDAE: time 0.0001005/0.4435, allocations: 50.91 kB / 0.5717 GB, free: 80.07 MB / 426.7 MB
Notification: Performance of postOpt simplifyComplexFunction (initialization): time 0.0001115/0.4436, allocations: 101.9 kB / 0.5718 GB, free: 80.07 MB / 426.7 MB
Notification: Performance of postOpt tearingSystem (initialization): time 0.002869/0.4464, allocations: 0.7908 MB / 0.5725 GB, free: 79.99 MB / 426.7 MB
Notification: Performance of postOpt solveSimpleEquations (initialization): time 0.00332/0.4498, allocations: 0.994 MB / 0.5735 GB, free: 79.86 MB / 426.7 MB
Notification: Performance of postOpt calculateStrongComponentJacobians (initialization): time 0.006185/0.4559, allocations: 4.37 MB / 0.5778 GB, free: 77.57 MB / 426.7 MB
Notification: Performance of postOpt simplifyAllExpressions (initialization): time 0.00305/0.459, allocations: 253.3 kB / 0.578 GB, free: 77.5 MB / 426.7 MB
Notification: Performance of postOpt collapseArrayExpressions (initialization): time 0.000304/0.4593, allocations: 280.7 kB / 0.5783 GB, free: 77.46 MB / 426.7 MB
Notification: Model statistics after passing the back-end for initialization:
 * Number of independent subsystems: 459
 * Number of states: 0 ()
 * Number of discrete variables: 18 (body.sphereColor[3],body.sphereColor[2],body.sphereColor[1],rev.cylinderColor[3],rev.cylinderColor[2],rev.cylinderColor[1],world.gravityArrowColor[3],world.gravityArrowColor[2],world.gravityArrowColor[1],world.axisColor_x[3],world.axisColor_x[2],world.axisColor_x[1],world.groundColor[3],world.groundColor[2],world.groundColor[1],world.gravitySphereColor[3],world.gravitySphereColor[2],world.gravitySphereColor[1])
 * Number of discrete states: 0 ()
 * Number of clocked states: 0 ()
 * Top-level inputs: 0
Notification: Strong component statistics for initialization (537):
 * Single equations (assignments): 533
 * Array equations: 3
 * Algorithm blocks: 0
 * Record equations: 0
 * When equations: 0
 * If-equations: 0
 * Equation systems (not torn): 0
 * Torn equation systems: 1
 * Mixed (continuous/discrete) equation systems: 0
Notification: Torn system details for strict tearing set:
 * Linear torn systems (#iteration vars, #inner vars, density): 1 system
   {(2,11,100.0%)}
 * Non-linear torn systems (#iteration vars, #inner vars): 0 systems
Notification: Performance of prepare postOptimizeDAE: time 0.001484/0.4608, allocations: 1.364 MB / 0.5796 GB, free: 76.86 MB / 426.7 MB
Notification: Performance of postOpt lateInlineFunction (simulation): time 0.0003213/0.4611, allocations: 242.9 kB / 0.5799 GB, free: 76.86 MB / 426.7 MB
Notification: Performance of postOpt wrapFunctionCalls (simulation): time 0.003923/0.465, allocations: 1.85 MB / 0.5817 GB, free: 76.3 MB / 426.7 MB
Notification: Performance of postOpt inlineArrayEqn (simulation): time 1.938e-05/0.465, allocations: 11.81 kB / 0.5817 GB, free: 76.3 MB / 426.7 MB
Notification: Performance of postOpt constantLinearSystem (simulation): time 9.327e-06/0.4651, allocations: 3.844 kB / 0.5817 GB, free: 76.3 MB / 426.7 MB
Notification: Performance of postOpt simplifysemiLinear (simulation): time 1.066e-05/0.4651, allocations: 4.312 kB / 0.5817 GB, free: 76.3 MB / 426.7 MB
Notification: Performance of postOpt removeSimpleEquations (simulation): time 0.008159/0.4732, allocations: 4.761 MB / 0.5863 GB, free: 74.44 MB / 426.7 MB
Notification: Performance of postOpt simplifyComplexFunction (simulation): time 6.242e-06/0.4732, allocations: 0.75 kB / 0.5863 GB, free: 74.44 MB / 426.7 MB
Notification: Performance of postOpt solveSimpleEquations (simulation): time 0.000723/0.474, allocations: 138.1 kB / 0.5865 GB, free: 74.41 MB / 426.7 MB
Notification: Performance of postOpt tearingSystem (simulation): time 0.002312/0.4763, allocations: 0.6492 MB / 0.5871 GB, free: 74.07 MB / 426.7 MB
Notification: Performance of postOpt inputDerivativesUsed (simulation): time 9.512e-05/0.4764, allocations: 20 kB / 0.5871 GB, free: 74.05 MB / 426.7 MB
Notification: Performance of postOpt calculateStrongComponentJacobians (simulation): time 0.00467/0.481, allocations: 3.847 MB / 0.5909 GB, free: 70.11 MB / 426.7 MB
Notification: Performance of postOpt calculateStateSetsJacobians (simulation): time 2.766e-06/0.481, allocations: 3.984 kB / 0.5909 GB, free: 70.11 MB / 426.7 MB
Notification: Performance of postOpt symbolicJacobian (simulation): time 0.005441/0.4865, allocations: 3.687 MB / 0.5945 GB, free: 66.43 MB / 426.7 MB
Notification: Performance of postOpt removeConstants (simulation): time 0.0003487/0.4868, allocations: 235.1 kB / 0.5947 GB, free: 66.2 MB / 426.7 MB
Notification: Performance of postOpt simplifyTimeIndepFuncCalls (simulation): time 0.0002899/0.4871, allocations: 17.17 kB / 0.5947 GB, free: 66.19 MB / 426.7 MB
Notification: Performance of postOpt simplifyAllExpressions (simulation): time 0.001073/0.4882, allocations: 67.86 kB / 0.5948 GB, free: 66.12 MB / 426.7 MB
Notification: Performance of postOpt findZeroCrossings (simulation): time 0.000196/0.4884, allocations: 62.36 kB / 0.5948 GB, free: 66.07 MB / 426.7 MB
Notification: Performance of postOpt collapseArrayExpressions (simulation): time 8.915e-05/0.4885, allocations: 31.91 kB / 0.5949 GB, free: 66.04 MB / 426.7 MB
Notification: Performance of sorting global known variables: time 0.002061/0.4905, allocations: 1.754 MB / 0.5966 GB, free: 64.28 MB / 426.7 MB
Notification: Performance of sort global known variables: time 9e-08/0.4905, allocations: 480 / 0.5966 GB, free: 64.28 MB / 426.7 MB
Notification: Performance of remove unused functions: time 0.003073/0.4936, allocations: 0.6449 MB / 0.5972 GB, free: 63.64 MB / 426.7 MB
Notification: Model statistics after passing the back-end for simulation:
 * Number of independent subsystems: 6
 * Number of states: 2 (rev.phi,rev.w)
 * Number of discrete variables: 0 ()
 * Number of discrete states: 0 ()
 * Number of clocked states: 0 ()
 * Top-level inputs: 0
Notification: Strong component statistics for simulation (75):
 * Single equations (assignments): 71
 * Array equations: 3
 * Algorithm blocks: 0
 * Record equations: 0
 * When equations: 0
 * If-equations: 0
 * Equation systems (not torn): 0
 * Torn equation systems: 1
 * Mixed (continuous/discrete) equation systems: 0
Notification: Torn system details for strict tearing set:
 * Linear torn systems (#iteration vars, #inner vars, density): 1 system
   {(1,9,100.0%)}
 * Non-linear torn systems (#iteration vars, #inner vars): 0 systems
Notification: Performance of Backend phase and start with SimCode phase: time 0.0002939/0.4939, allocations: 142 kB / 0.5974 GB, free: 63.5 MB / 426.7 MB
Notification: Performance of simCode: created initialization part: time 0.004391/0.4983, allocations: 3.305 MB / 0.6006 GB, free: 60.21 MB / 426.7 MB
Notification: Performance of simCode: created event and clocks part: time 3.246e-06/0.4983, allocations: 0 / 0.6006 GB, free: 60.21 MB / 426.7 MB
Notification: Performance of simCode: created simulation system equations: time 0.00112/0.4994, allocations: 0.8754 MB / 0.6014 GB, free: 59.32 MB / 426.7 MB
Notification: Performance of simCode: created of all other equations (e.g. parameter, nominal, assert, etc): time 0.001628/0.501, allocations: 250.7 kB / 0.6017 GB, free: 59.08 MB / 426.7 MB
Notification: Performance of simCode: created linear, non-linear and system jacobian parts: time 0.007235/0.5083, allocations: 5.551 MB / 0.6071 GB, free: 53.51 MB / 426.7 MB
Notification: Performance of simCode: some other stuff during SimCode phase: time 0.001834/0.5101, allocations: 2.195 MB / 0.6092 GB, free: 51.29 MB / 426.7 MB
Notification: Performance of simCode: alias equations: time 0.002759/0.5129, allocations: 1.4 MB / 0.6106 GB, free: 49.88 MB / 426.7 MB
Notification: Performance of simCode: all other stuff during SimCode phase: time 0.0003703/0.5132, allocations: 155.4 kB / 0.6108 GB, free: 49.73 MB / 426.7 MB
Notification: Performance of SimCode: time 7.62e-07/0.5132, allocations: 0 / 0.6108 GB, free: 49.73 MB / 426.7 MB
Notification: Performance of Templates: time 0.04098/0.5542, allocations: 23.91 MB / 0.6341 GB, free: 25.98 MB / 426.7 MB
"
[Timeout remaining time 659]
make -j1 -f MyLibrary_tags-v0.2_MyLibrary.Mechanics.MultiBody.Examples.Pendulum.makefile [Timeout 660]
(rm -f MyLibrary_tags-v0.2_MyLibrary.Mechanics.MultiBody.Examples.Pendulum.pipe ; mkfifo MyLibrary_tags-v0.2_MyLibrary.Mechanics.MultiBody.Examples.Pendulum.pipe ; head -c 1048576 < MyLibrary_tags-v0.2_MyLibrary.Mechanics.MultiBody.Examples.Pendulum.pipe >> ../files/MyLibrary_tags-v0.2_MyLibrary.Mechanics.MultiBody.Examples.Pendulum.sim & ./MyLibrary_tags-v0.2_MyLibrary.Mechanics.MultiBody.Examples.Pendulum  -abortSlowSimulation -alarm=480  -emit_protected -lv LOG_STATS > MyLibrary_tags-v0.2_MyLibrary.Mechanics.MultiBody.Examples.Pendulum.pipe 2>&1) [Timeout 480]
diffSimulationResults("MyLibrary_tags-v0.2_MyLibrary.Mechanics.MultiBody.Examples.Pendulum_res.mat","/home/runner/work/openmodelica-library-testing-action/openmodelica-library-testing-action/examples/ReferenceFiles/MyLibrary.Mechanics.MultiBody.Examples.Pendulum.csv","/home/runner/work/openmodelica-library-testing-action/openmodelica-library-testing-action/OpenModelicaLibraryTesting/files/MyLibrary_tags-v0.2_MyLibrary.Mechanics.MultiBody.Examples.Pendulum.diff",relTol=0.003,relTolDiffMinMax=0.003,rangeDelta=0.001) [Timeout 660]
""
[Timeout remaining time 660]
Reference file matches
[Calling sys.exit(0), Time elapsed: 6.290558758000003]
