Running: ./testmodel.py --libraries=/home/runner/.openmodelica/libraries --ompython_omhome= MyLibrary_tags-v0.2_MyLibrary.Blocks.Examples.PID_Controller.conf.json
loadFile("/home/runner/.openmodelica/libraries/ModelicaServices 4.0.0+maint.om/package.mo", uses=false) [Timeout 180]
"Notification: Performance of loadFile(/home/runner/.openmodelica/libraries/ModelicaServices 4.0.0+maint.om/package.mo): time 0.0009641/0.0009641, allocations: 96.67 kB / 18.92 MB, free: 1.293 MB / 13.93 MB
"
[Timeout remaining time 180]
loadFile("/home/runner/.openmodelica/libraries/Complex 4.0.0+maint.om/package.mo", uses=false) [Timeout 180]
"Notification: Performance of loadFile(/home/runner/.openmodelica/libraries/Complex 4.0.0+maint.om/package.mo): time 0.00105/0.00105, allocations: 174.7 kB / 22.2 MB, free: 3.762 MB / 13.93 MB
"
[Timeout remaining time 180]
loadFile("/home/runner/.openmodelica/libraries/Modelica 4.0.0+maint.om/package.mo", uses=false) [Timeout 180]
"Notification: Performance of loadFile(/home/runner/.openmodelica/libraries/Modelica 4.0.0+maint.om/package.mo): time 1.652/1.652, allocations: 224.9 MB / 250.2 MB, free: 15.04 MB / 202.7 MB
"
[Timeout remaining time 178]
loadFile("/home/runner/work/openmodelica-library-testing-action/openmodelica-library-testing-action/examples/MyLibrary/package.mo", uses=false) [Timeout 180]
"Notification: Performance of loadFile(/home/runner/work/openmodelica-library-testing-action/openmodelica-library-testing-action/examples/MyLibrary/package.mo): time 0.0002485/0.0002485, allocations: 16.05 kB / 305.5 MB, free: 7.938 MB / 234.7 MB
"
[Timeout remaining time 180]
Using package MyLibrary with version 1.0.0 (/home/runner/work/openmodelica-library-testing-action/openmodelica-library-testing-action/examples/MyLibrary/package.mo)
Using package Modelica with version 4.0.0 (/home/runner/.openmodelica/libraries/Modelica 4.0.0+maint.om/package.mo)
Using package Complex with version 4.0.0 (/home/runner/.openmodelica/libraries/Complex 4.0.0+maint.om/package.mo)
Using package ModelicaServices with version 4.0.0 (/home/runner/.openmodelica/libraries/ModelicaServices 4.0.0+maint.om/package.mo)
Running command: translateModel(MyLibrary.Blocks.Examples.PID_Controller,tolerance=1e-06,outputFormat="mat",numberOfIntervals=5012,variableFilter="time|PI.I.y|inertia1.phi|inertia1.w|integrator.y|spring.phi_rel|spring.w_rel",fileNamePrefix="MyLibrary_tags-v0.2_MyLibrary.Blocks.Examples.PID_Controller")
translateModel(MyLibrary.Blocks.Examples.PID_Controller,tolerance=1e-06,outputFormat="mat",numberOfIntervals=5012,variableFilter="time|PI.I.y|inertia1.phi|inertia1.w|integrator.y|spring.phi_rel|spring.w_rel",fileNamePrefix="MyLibrary_tags-v0.2_MyLibrary.Blocks.Examples.PID_Controller") [Timeout 660]
"Notification: Performance of FrontEnd - loaded program: time 0.0006271/0.0006271, allocations: 8.125 kB / 425.4 MB, free: 49.85 MB / 330.7 MB
Notification: Performance of FrontEnd - Absyn->SCode: time 0.07544/0.07607, allocations: 52.19 MB / 477.6 MB, free: 5.266 MB / 330.7 MB
Notification: Performance of NFInst.instantiate(MyLibrary.Blocks.Examples.PID_Controller): time 0.003885/0.07995, allocations: 3.171 MB / 480.8 MB, free: 2.07 MB / 330.7 MB
Notification: Performance of NFInst.instExpressions: time 0.001491/0.08144, allocations: 0.9777 MB / 481.8 MB, free: 1.09 MB / 330.7 MB
Notification: Performance of NFInst.updateImplicitVariability: time 0.0002262/0.08167, allocations: 15.88 kB / 481.8 MB, free: 1.074 MB / 330.7 MB
Notification: Performance of NFTyping.typeComponents: time 0.0003458/0.08201, allocations: 95.14 kB / 481.9 MB, free: 0.9805 MB / 330.7 MB
Notification: Performance of NFTyping.typeBindings: time 0.0002398/0.08225, allocations: 99.09 kB / 482 MB, free: 0.8828 MB / 330.7 MB
Notification: Performance of NFTyping.typeClassSections: time 0.0005269/0.08278, allocations: 246.4 kB / 482.2 MB, free: 0.6484 MB / 330.7 MB
Notification: Performance of NFFlatten.flatten: time 0.0004485/0.08323, allocations: 0.5224 MB / 482.7 MB, free: 124 kB / 330.7 MB
Notification: Performance of NFFlatten.resolveConnections: time 0.0002438/0.08347, allocations: 121.6 kB / 482.9 MB, free: 4 kB / 330.7 MB
Notification: Performance of NFEvalConstants.evaluate: time 0.0003392/0.08381, allocations: 207.2 kB / 483.1 MB, free: 15.8 MB / 346.7 MB
Notification: Performance of NFSimplifyModel.simplify: time 0.0003867/0.0842, allocations: 214.9 kB / 483.3 MB, free: 15.59 MB / 346.7 MB
Notification: Performance of NFPackage.collectConstants: time 7.859e-05/0.08428, allocations: 40 kB / 483.3 MB, free: 15.55 MB / 346.7 MB
Notification: Performance of NFFlatten.collectFunctions: time 8.534e-05/0.08436, allocations: 40 kB / 483.4 MB, free: 15.51 MB / 346.7 MB
Notification: Performance of NFScalarize.scalarize: time 0.0001333/0.0845, allocations: 107.6 kB / 483.5 MB, free: 15.41 MB / 346.7 MB
Notification: Performance of NFVerifyModel.verify: time 0.0002549/0.08475, allocations: 214.8 kB / 483.7 MB, free: 15.2 MB / 346.7 MB
Notification: Performance of NFConvertDAE.convert: time 0.0006384/0.08539, allocations: 0.5017 MB / 484.2 MB, free: 14.69 MB / 346.7 MB
Notification: Performance of FrontEnd - DAE generated: time 3.507e-06/0.08539, allocations: 0 / 484.2 MB, free: 14.69 MB / 346.7 MB
Notification: Performance of FrontEnd: time 1.223e-06/0.08539, allocations: 4 kB / 484.2 MB, free: 14.69 MB / 346.7 MB
Notification: Performance of Transformations before backend: time 8.667e-06/0.0854, allocations: 0 / 484.2 MB, free: 14.69 MB / 346.7 MB
Notification: Model statistics after passing the front-end and creating the data structures used by the back-end:
 * Number of equations: 89
 * Number of variables: 89
Notification: Performance of Generate backend data structure: time 0.00129/0.08669, allocations: 0.696 MB / 484.9 MB, free: 13.96 MB / 346.7 MB
Notification: Performance of prepare preOptimizeDAE: time 3.554e-05/0.08673, allocations: 12.03 kB / 484.9 MB, free: 13.95 MB / 346.7 MB
Notification: Performance of preOpt normalInlineFunction (simulation): time 8.624e-05/0.08681, allocations: 52.61 kB / 484.9 MB, free: 13.89 MB / 346.7 MB
Notification: Performance of preOpt evaluateParameters (simulation): time 0.0004668/0.08728, allocations: 310.2 kB / 485.2 MB, free: 13.57 MB / 346.7 MB
Notification: Performance of preOpt simplifyIfEquations (simulation): time 2.315e-05/0.0873, allocations: 29.38 kB / 485.3 MB, free: 13.54 MB / 346.7 MB
Notification: Performance of preOpt expandDerOperator (simulation): time 6.748e-05/0.08737, allocations: 39.94 kB / 485.3 MB, free: 13.5 MB / 346.7 MB
Notification: Performance of preOpt clockPartitioning (simulation): time 0.001092/0.08846, allocations: 446.3 kB / 485.7 MB, free: 13.04 MB / 346.7 MB
Notification: Performance of preOpt findStateOrder (simulation): time 2.175e-05/0.08849, allocations: 0 / 485.7 MB, free: 13.04 MB / 346.7 MB
Notification: Performance of preOpt replaceEdgeChange (simulation): time 4.107e-05/0.08853, allocations: 19.98 kB / 485.8 MB, free: 13.02 MB / 346.7 MB
Notification: Performance of preOpt inlineArrayEqn (simulation): time 2.353e-05/0.08855, allocations: 12 kB / 485.8 MB, free: 13 MB / 346.7 MB
Notification: Performance of preOpt removeEqualRHS (simulation): time 0.001103/0.08965, allocations: 375.6 kB / 486.1 MB, free: 12.64 MB / 346.7 MB
Notification: Performance of preOpt removeSimpleEquations (simulation): time 0.002169/0.09182, allocations: 1.507 MB / 487.6 MB, free: 11.05 MB / 346.7 MB
Notification: Performance of preOpt comSubExp (simulation): time 0.0008683/0.09269, allocations: 302.8 kB / 487.9 MB, free: 10.75 MB / 346.7 MB
Notification: Performance of preOpt resolveLoops (simulation): time 0.0004639/0.09315, allocations: 161.2 kB / 488.1 MB, free: 10.59 MB / 346.7 MB
Notification: Performance of preOpt evalFunc (simulation): time 2.791e-05/0.09318, allocations: 8 kB / 488.1 MB, free: 10.58 MB / 346.7 MB
Notification: Performance of preOpt encapsulateWhenConditions (simulation): time 1.452e-05/0.0932, allocations: 34.56 kB / 488.1 MB, free: 10.54 MB / 346.7 MB
Notification: Performance of pre-optimization done (n=30): time 1.562e-06/0.0932, allocations: 0 / 488.1 MB, free: 10.54 MB / 346.7 MB
Notification: Performance of matching and sorting (n=32): time 0.003379/0.09658, allocations: 1.225 MB / 489.4 MB, free: 9.254 MB / 346.7 MB
Notification: Performance of inlineWhenForInitialization (initialization): time 3.493e-05/0.09661, allocations: 85.09 kB / 489.5 MB, free: 9.152 MB / 346.7 MB
Notification: Performance of selectInitializationVariablesDAE (initialization): time 0.0004758/0.09709, allocations: 357.6 kB / 489.8 MB, free: 8.793 MB / 346.7 MB
Notification: Performance of collectPreVariables (initialization): time 2.533e-05/0.09711, allocations: 29.7 kB / 489.8 MB, free: 8.758 MB / 346.7 MB
Notification: Performance of collectInitialEqns (initialization): time 0.0001176/0.09723, allocations: 244.3 kB / 490.1 MB, free: 8.516 MB / 346.7 MB
Notification: Performance of collectInitialBindings (initialization): time 6.917e-05/0.0973, allocations: 127.1 kB / 490.2 MB, free: 8.391 MB / 346.7 MB
Notification: Performance of simplifyInitialFunctions (initialization): time 0.000143/0.09744, allocations: 74.12 kB / 490.3 MB, free: 8.312 MB / 346.7 MB
Notification: Performance of setup shared object (initialization): time 6.957e-05/0.09751, allocations: 358.7 kB / 490.6 MB, free: 7.953 MB / 346.7 MB
Notification: Performance of preBalanceInitialSystem (initialization): time 0.0005152/0.09803, allocations: 170.5 kB / 490.8 MB, free: 7.785 MB / 346.7 MB
Notification: Performance of partitionIndependentBlocks (initialization): time 0.0005452/0.09857, allocations: 252.8 kB / 491 MB, free: 7.504 MB / 346.7 MB
Notification: Performance of analyzeInitialSystem (initialization): time 0.001153/0.09973, allocations: 392 kB / 491.4 MB, free: 7.094 MB / 346.7 MB
Notification: Performance of solveInitialSystemEqSystem (initialization): time 1.984e-06/0.09973, allocations: 3.938 kB / 491.4 MB, free: 7.09 MB / 346.7 MB
Notification: Performance of matching and sorting (n=51) (initialization): time 0.001192/0.1009, allocations: 496.9 kB / 491.9 MB, free: 6.598 MB / 346.7 MB
Notification: Performance of prepare postOptimizeDAE: time 1.425e-05/0.1009, allocations: 8 kB / 491.9 MB, free: 6.59 MB / 346.7 MB
Notification: Performance of postOpt simplifyComplexFunction (initialization): time 5.781e-06/0.1009, allocations: 0 / 491.9 MB, free: 6.59 MB / 346.7 MB
Notification: Performance of postOpt tearingSystem (initialization): time 1.46e-05/0.101, allocations: 8 kB / 491.9 MB, free: 6.582 MB / 346.7 MB
Notification: Performance of postOpt solveSimpleEquations (initialization): time 0.001106/0.1021, allocations: 211.9 kB / 492.1 MB, free: 6.375 MB / 346.7 MB
Notification: Performance of postOpt calculateStrongComponentJacobians (initialization): time 0.00169/0.1037, allocations: 1.465 MB / 493.6 MB, free: 4.797 MB / 346.7 MB
Notification: Performance of postOpt simplifyAllExpressions (initialization): time 0.0003932/0.1041, allocations: 44.08 kB / 493.6 MB, free: 4.754 MB / 346.7 MB
Notification: Performance of postOpt collapseArrayExpressions (initialization): time 3.054e-05/0.1042, allocations: 16 kB / 493.6 MB, free: 4.738 MB / 346.7 MB
Notification: Performance of preBalanceInitialSystem (initialization_lambda0): time 0.0005676/0.1047, allocations: 272.9 kB / 493.9 MB, free: 4.469 MB / 346.7 MB
Notification: Performance of partitionIndependentBlocks (initialization_lambda0): time 0.0004702/0.1052, allocations: 240.8 kB / 494.1 MB, free: 4.207 MB / 346.7 MB
Notification: Performance of analyzeInitialSystem (initialization_lambda0): time 0.0008526/0.1061, allocations: 363.7 kB / 494.5 MB, free: 3.824 MB / 346.7 MB
Notification: Performance of solveInitialSystemEqSystem (initialization_lambda0): time 1.983e-06/0.1061, allocations: 4 kB / 494.5 MB, free: 3.82 MB / 346.7 MB
Notification: Performance of matching and sorting (n=51) (initialization_lambda0): time 0.001182/0.1072, allocations: 480.8 kB / 495 MB, free: 3.348 MB / 346.7 MB
Notification: Performance of prepare postOptimizeDAE: time 1.183e-05/0.1073, allocations: 8.031 kB / 495 MB, free: 3.34 MB / 346.7 MB
Notification: Performance of postOpt simplifyComplexFunction (initialization): time 4.469e-06/0.1073, allocations: 7.938 kB / 495 MB, free: 3.332 MB / 346.7 MB
Notification: Performance of postOpt tearingSystem (initialization): time 4.718e-06/0.1073, allocations: 4 kB / 495 MB, free: 3.328 MB / 346.7 MB
Notification: Performance of postOpt solveSimpleEquations (initialization): time 0.0006093/0.1079, allocations: 119.8 kB / 495.1 MB, free: 3.211 MB / 346.7 MB
Notification: Performance of postOpt calculateStrongComponentJacobians (initialization): time 6.011e-06/0.1079, allocations: 4 kB / 495.1 MB, free: 3.207 MB / 346.7 MB
Notification: Performance of postOpt simplifyAllExpressions (initialization): time 0.000377/0.1083, allocations: 35.95 kB / 495.2 MB, free: 3.172 MB / 346.7 MB
Notification: Performance of postOpt collapseArrayExpressions (initialization): time 2.685e-05/0.1083, allocations: 16 kB / 495.2 MB, free: 3.156 MB / 346.7 MB
Notification: Model statistics after passing the back-end for initialization:
 * Number of independent subsystems: 9
 * Number of states: 0 ()
 * Number of discrete variables: 3 (kinematicPTP.noWphase,integrator.local_reset,PI.I.local_reset)
 * Number of discrete states: 0 ()
 * Number of clocked states: 0 ()
 * Top-level inputs: 0
Notification: Strong component statistics for initialization (51):
 * Single equations (assignments): 50
 * Array equations: 0
 * Algorithm blocks: 0
 * Record equations: 0
 * When equations: 0
 * If-equations: 0
 * Equation systems (not torn): 1
 * Torn equation systems: 0
 * Mixed (continuous/discrete) equation systems: 0
Notification: Equation system details (not torn):
 * Constant Jacobian (size): 0 systems
 * Linear Jacobian (size,density): 0 systems
 * Non-linear Jacobian (size): 1 system
   {1}
 * Without analytic Jacobian (size): 0 systems
Notification: Performance of prepare postOptimizeDAE: time 0.0002582/0.1085, allocations: 200.1 kB / 495.4 MB, free: 2.953 MB / 346.7 MB
Notification: Performance of postOpt lateInlineFunction (simulation): time 7.183e-05/0.1086, allocations: 43.7 kB / 495.4 MB, free: 2.91 MB / 346.7 MB
Notification: Performance of postOpt wrapFunctionCalls (simulation): time 7.762e-05/0.1087, allocations: 44.25 kB / 495.4 MB, free: 2.863 MB / 346.7 MB
Notification: Performance of postOpt inlineArrayEqn (simulation): time 3.076e-06/0.1087, allocations: 4 kB / 495.5 MB, free: 2.859 MB / 346.7 MB
Notification: Performance of postOpt constantLinearSystem (simulation): time 2.735e-06/0.1087, allocations: 3.984 kB / 495.5 MB, free: 2.855 MB / 346.7 MB
Notification: Performance of postOpt simplifysemiLinear (simulation): time 4.929e-06/0.1087, allocations: 0 / 495.5 MB, free: 2.855 MB / 346.7 MB
Notification: Performance of postOpt removeSimpleEquations (simulation): time 0.00168/0.1104, allocations: 0.8873 MB / 496.3 MB, free: 1.906 MB / 346.7 MB
Notification: Performance of postOpt simplifyComplexFunction (simulation): time 3.357e-06/0.1104, allocations: 8.031 kB / 496.4 MB, free: 1.898 MB / 346.7 MB
Notification: Performance of postOpt solveSimpleEquations (simulation): time 0.0005211/0.1109, allocations: 83.88 kB / 496.4 MB, free: 1.816 MB / 346.7 MB
Notification: Performance of postOpt tearingSystem (simulation): time 4.088e-06/0.1109, allocations: 4 kB / 496.4 MB, free: 1.812 MB / 346.7 MB
Notification: Performance of postOpt inputDerivativesUsed (simulation): time 2.924e-05/0.1109, allocations: 11.98 kB / 496.4 MB, free: 1.801 MB / 346.7 MB
Notification: Performance of postOpt calculateStrongComponentJacobians (simulation): time 2.916e-06/0.1109, allocations: 0 / 496.4 MB, free: 1.801 MB / 346.7 MB
Notification: Performance of postOpt calculateStateSetsJacobians (simulation): time 2.294e-06/0.1109, allocations: 8 kB / 496.5 MB, free: 1.793 MB / 346.7 MB
Notification: Performance of postOpt symbolicJacobian (simulation): time 0.001554/0.1125, allocations: 0.679 MB / 497.1 MB, free: 1.086 MB / 346.7 MB
Notification: Performance of postOpt removeConstants (simulation): time 0.0001552/0.1127, allocations: 59.75 kB / 497.2 MB, free: 1.027 MB / 346.7 MB
Notification: Performance of postOpt simplifyTimeIndepFuncCalls (simulation): time 5.986e-05/0.1127, allocations: 4 kB / 497.2 MB, free: 1.023 MB / 346.7 MB
Notification: Performance of postOpt simplifyAllExpressions (simulation): time 0.0004115/0.1131, allocations: 39.95 kB / 497.2 MB, free: 0.9844 MB / 346.7 MB
Notification: Performance of postOpt findZeroCrossings (simulation): time 9.763e-05/0.1132, allocations: 31.89 kB / 497.3 MB, free: 0.9531 MB / 346.7 MB
Notification: Performance of postOpt collapseArrayExpressions (simulation): time 2.456e-05/0.1133, allocations: 8 kB / 497.3 MB, free: 0.9453 MB / 346.7 MB
Notification: Performance of sorting global known variables: time 0.0003263/0.1136, allocations: 255.1 kB / 497.5 MB, free: 0.6953 MB / 346.7 MB
Notification: Performance of sort global known variables: time 9e-08/0.1136, allocations: 0 / 497.5 MB, free: 0.6953 MB / 346.7 MB
Notification: Performance of remove unused functions: time 0.0006513/0.1142, allocations: 132 kB / 497.7 MB, free: 0.5664 MB / 346.7 MB
Notification: Model statistics after passing the back-end for simulation:
 * Number of independent subsystems: 5
 * Number of states: 6 (PI.I.y,inertia1.phi,spring.phi_rel,spring.w_rel,inertia2.w,integrator.y)
 * Number of discrete variables: 1 (kinematicPTP.noWphase)
 * Number of discrete states: 0 ()
 * Number of clocked states: 0 ()
 * Top-level inputs: 0
Notification: Strong component statistics for simulation (32):
 * Single equations (assignments): 32
 * Array equations: 0
 * Algorithm blocks: 0
 * Record equations: 0
 * When equations: 0
 * If-equations: 0
 * Equation systems (not torn): 0
 * Torn equation systems: 0
 * Mixed (continuous/discrete) equation systems: 0
Notification: Performance of Backend phase and start with SimCode phase: time 0.0001306/0.1144, allocations: 107.1 kB / 497.8 MB, free: 460 kB / 346.7 MB
Notification: Performance of simCode: created initialization part: time 0.002452/0.1168, allocations: 0.6597 MB / 498.4 MB, free: 15.79 MB / 362.7 MB
Notification: Performance of simCode: created event and clocks part: time 2.886e-06/0.1168, allocations: 448 / 498.4 MB, free: 15.79 MB / 362.7 MB
Notification: Performance of simCode: created simulation system equations: time 0.0006153/0.1174, allocations: 175.8 kB / 498.6 MB, free: 15.62 MB / 362.7 MB
Notification: Performance of simCode: created of all other equations (e.g. parameter, nominal, assert, etc): time 0.0007816/0.1182, allocations: 98.48 kB / 498.7 MB, free: 15.52 MB / 362.7 MB
Notification: Performance of simCode: created linear, non-linear and system jacobian parts: time 0.002285/0.1205, allocations: 1.007 MB / 499.7 MB, free: 14.48 MB / 362.7 MB
Notification: Performance of simCode: some other stuff during SimCode phase: time 0.0005411/0.121, allocations: 0.8195 MB / 0.4888 GB, free: 13.63 MB / 362.7 MB
Notification: Performance of simCode: alias equations: time 0.0002658/0.1213, allocations: 75.16 kB / 0.4889 GB, free: 13.56 MB / 362.7 MB
Notification: Performance of simCode: all other stuff during SimCode phase: time 0.0001136/0.1214, allocations: 27.44 kB / 0.4889 GB, free: 13.53 MB / 362.7 MB
Notification: Performance of SimCode: time 3.71e-07/0.1214, allocations: 4 kB / 0.4889 GB, free: 13.53 MB / 362.7 MB
Notification: Performance of Templates: time 0.01025/0.1317, allocations: 4.978 MB / 0.4937 GB, free: 8.594 MB / 362.7 MB
"
[Timeout remaining time 660]
make -j1 -f MyLibrary_tags-v0.2_MyLibrary.Blocks.Examples.PID_Controller.makefile [Timeout 660]
(rm -f MyLibrary_tags-v0.2_MyLibrary.Blocks.Examples.PID_Controller.pipe ; mkfifo MyLibrary_tags-v0.2_MyLibrary.Blocks.Examples.PID_Controller.pipe ; head -c 1048576 < MyLibrary_tags-v0.2_MyLibrary.Blocks.Examples.PID_Controller.pipe >> ../files/MyLibrary_tags-v0.2_MyLibrary.Blocks.Examples.PID_Controller.sim & ./MyLibrary_tags-v0.2_MyLibrary.Blocks.Examples.PID_Controller  -abortSlowSimulation -alarm=480  -emit_protected -lv LOG_STATS > MyLibrary_tags-v0.2_MyLibrary.Blocks.Examples.PID_Controller.pipe 2>&1) [Timeout 480]
diffSimulationResults("MyLibrary_tags-v0.2_MyLibrary.Blocks.Examples.PID_Controller_res.mat","/home/runner/work/openmodelica-library-testing-action/openmodelica-library-testing-action/examples/ReferenceFiles/MyLibrary.Blocks.Examples.PID_Controller.csv","/home/runner/work/openmodelica-library-testing-action/openmodelica-library-testing-action/OpenModelicaLibraryTesting/files/MyLibrary_tags-v0.2_MyLibrary.Blocks.Examples.PID_Controller.diff",relTol=0.003,relTolDiffMinMax=0.003,rangeDelta=0.001) [Timeout 660]
""
[Timeout remaining time 660]
""

Variables in the reference:time,PI.I.y,inertia1.phi,inertia1.w,integrator.y,spring.phi_rel,spring.w_rel

Variables in the result:PI.Dzero.k,PI.Dzero.y,PI.FFzero.k,PI.FFzero.y,PI.I.initType,PI.I.k,PI.I.y,PI.I.y_start,PI.Nd,PI.Ni,PI.P.k,PI.Td,PI.Ti,PI.addFF.k1,PI.addFF.k2,PI.addFF.u2,PI.addI.k1,PI.addI.k2,PI.addI.k3,PI.addP.k1,PI.addP.k2,PI.addPID.k1,PI.addPID.k2,PI.addPID.k3,PI.addPID.u2,PI.addSat.k1,PI.addSat.k2,PI.controllerType,PI.gainPID.k,PI.gainTrack.k,PI.homotopyType,PI.initType,PI.k,PI.kFF,PI.limiter.homotopyType,PI.limiter.strict,PI.limiter.uMax,PI.limiter.uMin,PI.strict,PI.wd,PI.withFeedForward,PI.with_D,PI.with_I,PI.wp,PI.xd_start,PI.xi_start,PI.yMax,PI.yMin,PI.y_start,driveAngle,inertia1.J,inertia1.phi,inertia1.w,inertia2.J,inertia2.flange_b.tau,integrator.initType,integrator.k,integrator.y,integrator.y_start,kinematicPTP.deltaq[1],kinematicPTP.nout,kinematicPTP.p_deltaq[1],kinematicPTP.p_qd_max[1],kinematicPTP.p_qdd_max[1],kinematicPTP.qd_max[1],kinematicPTP.qdd_max[1],kinematicPTP.startTime,loadTorque.flange.tau,loadTorque.tau,loadTorque.tau_constant,spring.c,spring.d,spring.phi_nominal,spring.phi_rel,spring.phi_rel0,spring.w_rel,time
[Calling sys.exit(0), Time elapsed: 5.023096692999985]
